******************************************************************************
             TMS320C2000 Linker PC v6.0.2                      
******************************************************************************
>> Linked Sun Feb 08 14:17:27 2015

OUTPUT FILE NAME:   <./CustomMW/Bat_Control.out>
ENTRY POINT SYMBOL: "_c_int00"  address: 0000d158


MEMORY CONFIGURATION

         name            origin    length      used     unused   attr    fill
----------------------  --------  ---------  --------  --------  ----  --------
PAGE 0:
  BEGINRAM              00000000   00000002  00000002  00000000  RWIX
  RAMM0                 00000002   000003fe  00000000  000003fe  RWIX
  RAML4L7               0000c000   00004000  00001485  00002b7b  RWIX
  FLASH                 00300000   0003fff6  00000000  0003fff6  RWIX
  BEGINFLASH            0033fff6   00000002  00000000  00000002  RWIX
  ADC_CAL               00380080   00000009  00000007  00000002  RWIX
  OTP                   00380400   00000400  00000000  00000400  RWIX
  CSM_PWL               003f7ff8   00000008  00000000  00000008  RWIX
  IQTABLES              003fe000   00000b50  00000b50  00000000  RWIX
  IQTABLES2             003feb50   0000008c  00000000  0000008c  RWIX
  FPUTABLES             003febdc   000006a0  00000000  000006a0  RWIX
  ROM                   003ff27c   00000d44  00000000  00000d44  RWIX
  RESET                 003fffc0   00000002  00000000  00000002  RWIX
  VECTORS               003fffc2   0000003e  00000000  0000003e  RWIX

PAGE 1:
  RAMM1                 00000400   00000400  00000200  00000200  RWIX
  DEV_EMU               00000880   00000180  000000d0  000000b0  RWIX
  FLASH_REGS            00000a80   00000060  00000008  00000058  RWIX
  CSM                   00000ae0   00000010  00000010  00000000  RWIX
  ADC_MIRROR            00000b00   00000010  00000010  00000000  RWIX
  XINTF                 00000b20   00000020  0000001e  00000002  RWIX
  CPU_TIMER0            00000c00   00000008  00000008  00000000  RWIX
  CPU_TIMER1            00000c08   00000008  00000008  00000000  RWIX
  CPU_TIMER2            00000c10   00000008  00000008  00000000  RWIX
  PIE_CTRL              00000ce0   00000020  0000001a  00000006  RWIX
  PIE_VECT              00000d00   00000100  00000100  00000000  RWIX
  DMA                   00001000   00000200  000000e0  00000120  RWIX
  MCBSPA                00005000   00000040  00000025  0000001b  RWIX
  MCBSPB                00005040   00000040  00000025  0000001b  RWIX
  ECANA                 00006000   00000040  00000034  0000000c  RWIX
  ECANA_LAM             00006040   00000040  00000040  00000000  RWIX
  ECANA_MOTS            00006080   00000040  00000040  00000000  RWIX
  ECANA_MOTO            000060c0   00000040  00000040  00000000  RWIX
  ECANA_MBOX            00006100   00000100  00000100  00000000  RWIX
  ECANB                 00006200   00000040  00000034  0000000c  RWIX
  ECANB_LAM             00006240   00000040  00000040  00000000  RWIX
  ECANB_MOTS            00006280   00000040  00000040  00000000  RWIX
  ECANB_MOTO            000062c0   00000040  00000040  00000000  RWIX
  ECANB_MBOX            00006300   00000100  00000100  00000000  RWIX
  EPWM1                 00006800   00000022  00000022  00000000  RWIX
  EPWM2                 00006840   00000022  00000022  00000000  RWIX
  EPWM3                 00006880   00000022  00000022  00000000  RWIX
  EPWM4                 000068c0   00000022  00000022  00000000  RWIX
  EPWM5                 00006900   00000022  00000022  00000000  RWIX
  EPWM6                 00006940   00000022  00000022  00000000  RWIX
  ECAP1                 00006a00   00000020  00000020  00000000  RWIX
  ECAP2                 00006a20   00000020  00000020  00000000  RWIX
  ECAP3                 00006a40   00000020  00000020  00000000  RWIX
  ECAP4                 00006a60   00000020  00000020  00000000  RWIX
  ECAP5                 00006a80   00000020  00000020  00000000  RWIX
  ECAP6                 00006aa0   00000020  00000020  00000000  RWIX
  EQEP1                 00006b00   00000040  00000040  00000000  RWIX
  EQEP2                 00006b40   00000040  00000040  00000000  RWIX
  GPIOCTRL              00006f80   00000040  0000002e  00000012  RWIX
  GPIODAT               00006fc0   00000020  00000020  00000000  RWIX
  GPIOINT               00006fe0   00000020  0000000a  00000016  RWIX
  SYSTEM                00007010   00000020  00000020  00000000  RWIX
  SPIA                  00007040   00000010  00000010  00000000  RWIX
  SCIA                  00007050   00000010  00000010  00000000  RWIX
  XINTRUPT              00007070   00000010  00000010  00000000  RWIX
  ADC                   00007100   00000020  0000001e  00000002  RWIX
  SCIB                  00007750   00000010  00000010  00000000  RWIX
  SCIC                  00007770   00000010  00000010  00000000  RWIX
  I2CA                  00007900   00000040  00000022  0000001e  RWIX
  RAML0L3               00008000   00004000  0000023c  00003dc4  RWIX
  CSM_PWL               0033fff8   00000008  00000008  00000000  RWIX


SECTION ALLOCATION MAP

 output                                  attributes/
section   page    origin      length       input sections
--------  ----  ----------  ----------   ----------------
.pinit     0    0000c000    00000000     UNINITIALIZED

codestart 
*          0    00000000    00000002     
                  00000000    00000002     DSP2833x_CodeStartBranch.obj (codestart)

.text      0    0000c000    00001360     
                  0000c000    00000644     Bat_Control.obj (.text)
                  0000c644    00000406     DSP2833x_DMA.obj (.text)
                  0000ca4a    00000316     DSP2833x_DefaultIsr.obj (.text:retain)
                  0000cd60    000000f6     DSP2833x_SysCtrl.obj (.text)
                  0000ce56    00000088     rts2800_fpu32.lib : fs_div.obj (.text)
                  0000cede    00000083                       : fd_mpy.obj (.text)
                  0000cf61    0000007b     DSP2833x_CpuTimers.obj (.text)
                  0000cfdc    00000077     MW_c28xx_board.obj (.text)
                  0000d053    00000074     rt_nonfinite.obj (.text)
                  0000d0c7    0000004b     Bat_Control_main.obj (.text)
                  0000d112    00000046     rtGetInf.obj (.text)
                  0000d158    00000046     rts2800_fpu32.lib : boot.obj (.text)
                  0000d19e    00000043     MW_c28xx_csl.obj (.text:retain)
                  0000d1e1    00000033     MW_c28xx_csl.obj (.text)
                  0000d214    0000002e     rts2800_fpu32.lib : fmod.obj (.text)
                  0000d242    00000028     DSP2833x_PieCtrl.obj (.text)
                  0000d26a    00000027     rtGetNaN.obj (.text)
                  0000d291    00000020     DSP2833x_PieVect.obj (.text)
                  0000d2b1    0000001f     rts2800_fpu32.lib : fd_tol.obj (.text)
                  0000d2d0    0000001c                       : fs_tofd.obj (.text)
                  0000d2ec    0000001c                       : modf.obj (.text)
                  0000d308    00000019                       : args_main.obj (.text)
                  0000d321    00000019                       : exit.obj (.text)
                  0000d33a    00000015     DSP2833x_MemCopy.obj (.text)
                  0000d34f    00000009     rts2800_fpu32.lib : _lock.obj (.text)
                  0000d358    00000008     DSP2833x_CodeStartBranch.obj (.text)

.cinit     0    0000d360    000000a6     
                  0000d360    00000088     Bat_Control_data.obj (.cinit)
                  0000d3e8    0000000a     rts2800_fpu32.lib : _lock.obj (.cinit)
                  0000d3f2    0000000a                       : exit.obj (.cinit)
                  0000d3fc    00000008     Bat_Control_main.obj (.cinit)
                  0000d404    00000002     --HOLE-- [fill = 0]

IQmath     0    0000d406    00000060     
                  0000d406    00000031     IQMATH~1.LIB : IQ24sin.obj (IQmath)
                  0000d437    0000002f                  : IQ24cos.obj (IQmath)

ramfuncs   0    0000d466    0000001f     
                  0000d466    0000001b     DSP2833x_SysCtrl.obj (ramfuncs)
                  0000d481    00000004     DSP2833x_usDelay.obj (ramfuncs)

.adc_cal   0    00380080    00000007     NOLOAD SECTION
                  00380080    00000007     DSP2833x_ADC_cal.obj (.adc_cal)

IQmathTables 
*          0    003fe000    00000b50     NOLOAD SECTION
                  003fe000    00000b50     IQMATH~1.LIB : IQmathTables.obj (IQmathTables)

.reset     0    003fffc0    00000002     DSECT
                  003fffc0    00000002     rts2800_fpu32.lib : boot.obj (.reset)

.stack     1    00000400    00000200     UNINITIALIZED
                  00000400    00000200     --HOLE--

DevEmuRegsFile 
*          1    00000880    000000d0     UNINITIALIZED
                  00000880    000000d0     DSP2833x_GlobalVariableDefs.obj (DevEmuRegsFile)

FlashRegsFile 
*          1    00000a80    00000008     UNINITIALIZED
                  00000a80    00000008     DSP2833x_GlobalVariableDefs.obj (FlashRegsFile)

CsmRegsFile 
*          1    00000ae0    00000010     UNINITIALIZED
                  00000ae0    00000010     DSP2833x_GlobalVariableDefs.obj (CsmRegsFile)

AdcMirrorFile 
*          1    00000b00    00000010     UNINITIALIZED
                  00000b00    00000010     DSP2833x_GlobalVariableDefs.obj (AdcMirrorFile)

XintfRegsFile 
*          1    00000b20    0000001e     UNINITIALIZED
                  00000b20    0000001e     DSP2833x_GlobalVariableDefs.obj (XintfRegsFile)

CpuTimer0RegsFile 
*          1    00000c00    00000008     UNINITIALIZED
                  00000c00    00000008     DSP2833x_GlobalVariableDefs.obj (CpuTimer0RegsFile)

CpuTimer1RegsFile 
*          1    00000c08    00000008     UNINITIALIZED
                  00000c08    00000008     DSP2833x_GlobalVariableDefs.obj (CpuTimer1RegsFile)

CpuTimer2RegsFile 
*          1    00000c10    00000008     UNINITIALIZED
                  00000c10    00000008     DSP2833x_GlobalVariableDefs.obj (CpuTimer2RegsFile)

PieCtrlRegsFile 
*          1    00000ce0    0000001a     UNINITIALIZED
                  00000ce0    0000001a     DSP2833x_GlobalVariableDefs.obj (PieCtrlRegsFile)

PieVectTableFile 
*          1    00000d00    00000100     UNINITIALIZED
                  00000d00    00000100     DSP2833x_GlobalVariableDefs.obj (PieVectTableFile)

DmaRegsFile 
*          1    00001000    000000e0     UNINITIALIZED
                  00001000    000000e0     DSP2833x_GlobalVariableDefs.obj (DmaRegsFile)

McbspaRegsFile 
*          1    00005000    00000025     UNINITIALIZED
                  00005000    00000025     DSP2833x_GlobalVariableDefs.obj (McbspaRegsFile)

McbspbRegsFile 
*          1    00005040    00000025     UNINITIALIZED
                  00005040    00000025     DSP2833x_GlobalVariableDefs.obj (McbspbRegsFile)

ECanaRegsFile 
*          1    00006000    00000034     UNINITIALIZED
                  00006000    00000034     DSP2833x_GlobalVariableDefs.obj (ECanaRegsFile)

ECanaLAMRegsFile 
*          1    00006040    00000040     UNINITIALIZED
                  00006040    00000040     DSP2833x_GlobalVariableDefs.obj (ECanaLAMRegsFile)

ECanaMOTSRegsFile 
*          1    00006080    00000040     UNINITIALIZED
                  00006080    00000040     DSP2833x_GlobalVariableDefs.obj (ECanaMOTSRegsFile)

ECanaMOTORegsFile 
*          1    000060c0    00000040     UNINITIALIZED
                  000060c0    00000040     DSP2833x_GlobalVariableDefs.obj (ECanaMOTORegsFile)

ECanaMboxesFile 
*          1    00006100    00000100     UNINITIALIZED
                  00006100    00000100     DSP2833x_GlobalVariableDefs.obj (ECanaMboxesFile)

ECanbRegsFile 
*          1    00006200    00000034     UNINITIALIZED
                  00006200    00000034     DSP2833x_GlobalVariableDefs.obj (ECanbRegsFile)

ECanbLAMRegsFile 
*          1    00006240    00000040     UNINITIALIZED
                  00006240    00000040     DSP2833x_GlobalVariableDefs.obj (ECanbLAMRegsFile)

ECanbMOTSRegsFile 
*          1    00006280    00000040     UNINITIALIZED
                  00006280    00000040     DSP2833x_GlobalVariableDefs.obj (ECanbMOTSRegsFile)

ECanbMOTORegsFile 
*          1    000062c0    00000040     UNINITIALIZED
                  000062c0    00000040     DSP2833x_GlobalVariableDefs.obj (ECanbMOTORegsFile)

ECanbMboxesFile 
*          1    00006300    00000100     UNINITIALIZED
                  00006300    00000100     DSP2833x_GlobalVariableDefs.obj (ECanbMboxesFile)

EPwm1RegsFile 
*          1    00006800    00000022     UNINITIALIZED
                  00006800    00000022     DSP2833x_GlobalVariableDefs.obj (EPwm1RegsFile)

EPwm2RegsFile 
*          1    00006840    00000022     UNINITIALIZED
                  00006840    00000022     DSP2833x_GlobalVariableDefs.obj (EPwm2RegsFile)

EPwm3RegsFile 
*          1    00006880    00000022     UNINITIALIZED
                  00006880    00000022     DSP2833x_GlobalVariableDefs.obj (EPwm3RegsFile)

EPwm4RegsFile 
*          1    000068c0    00000022     UNINITIALIZED
                  000068c0    00000022     DSP2833x_GlobalVariableDefs.obj (EPwm4RegsFile)

EPwm5RegsFile 
*          1    00006900    00000022     UNINITIALIZED
                  00006900    00000022     DSP2833x_GlobalVariableDefs.obj (EPwm5RegsFile)

EPwm6RegsFile 
*          1    00006940    00000022     UNINITIALIZED
                  00006940    00000022     DSP2833x_GlobalVariableDefs.obj (EPwm6RegsFile)

ECap1RegsFile 
*          1    00006a00    00000020     UNINITIALIZED
                  00006a00    00000020     DSP2833x_GlobalVariableDefs.obj (ECap1RegsFile)

ECap2RegsFile 
*          1    00006a20    00000020     UNINITIALIZED
                  00006a20    00000020     DSP2833x_GlobalVariableDefs.obj (ECap2RegsFile)

ECap3RegsFile 
*          1    00006a40    00000020     UNINITIALIZED
                  00006a40    00000020     DSP2833x_GlobalVariableDefs.obj (ECap3RegsFile)

ECap4RegsFile 
*          1    00006a60    00000020     UNINITIALIZED
                  00006a60    00000020     DSP2833x_GlobalVariableDefs.obj (ECap4RegsFile)

ECap5RegsFile 
*          1    00006a80    00000020     UNINITIALIZED
                  00006a80    00000020     DSP2833x_GlobalVariableDefs.obj (ECap5RegsFile)

ECap6RegsFile 
*          1    00006aa0    00000020     UNINITIALIZED
                  00006aa0    00000020     DSP2833x_GlobalVariableDefs.obj (ECap6RegsFile)

EQep1RegsFile 
*          1    00006b00    00000040     UNINITIALIZED
                  00006b00    00000040     DSP2833x_GlobalVariableDefs.obj (EQep1RegsFile)

EQep2RegsFile 
*          1    00006b40    00000040     UNINITIALIZED
                  00006b40    00000040     DSP2833x_GlobalVariableDefs.obj (EQep2RegsFile)

GpioCtrlRegsFile 
*          1    00006f80    0000002e     UNINITIALIZED
                  00006f80    0000002e     DSP2833x_GlobalVariableDefs.obj (GpioCtrlRegsFile)

GpioDataRegsFile 
*          1    00006fc0    00000020     UNINITIALIZED
                  00006fc0    00000020     DSP2833x_GlobalVariableDefs.obj (GpioDataRegsFile)

GpioIntRegsFile 
*          1    00006fe0    0000000a     UNINITIALIZED
                  00006fe0    0000000a     DSP2833x_GlobalVariableDefs.obj (GpioIntRegsFile)

SysCtrlRegsFile 
*          1    00007010    00000020     UNINITIALIZED
                  00007010    00000020     DSP2833x_GlobalVariableDefs.obj (SysCtrlRegsFile)

SpiaRegsFile 
*          1    00007040    00000010     UNINITIALIZED
                  00007040    00000010     DSP2833x_GlobalVariableDefs.obj (SpiaRegsFile)

SciaRegsFile 
*          1    00007050    00000010     UNINITIALIZED
                  00007050    00000010     DSP2833x_GlobalVariableDefs.obj (SciaRegsFile)

XIntruptRegsFile 
*          1    00007070    00000010     UNINITIALIZED
                  00007070    00000010     DSP2833x_GlobalVariableDefs.obj (XIntruptRegsFile)

AdcRegsFile 
*          1    00007100    0000001e     UNINITIALIZED
                  00007100    0000001e     DSP2833x_GlobalVariableDefs.obj (AdcRegsFile)

ScibRegsFile 
*          1    00007750    00000010     UNINITIALIZED
                  00007750    00000010     DSP2833x_GlobalVariableDefs.obj (ScibRegsFile)

ScicRegsFile 
*          1    00007770    00000010     UNINITIALIZED
                  00007770    00000010     DSP2833x_GlobalVariableDefs.obj (ScicRegsFile)

I2caRegsFile 
*          1    00007900    00000022     UNINITIALIZED
                  00007900    00000022     DSP2833x_GlobalVariableDefs.obj (I2caRegsFile)

.bss       1    00008000    00000000     UNINITIALIZED

.econst    1    00008000    00000108     
                  00008000    00000100     DSP2833x_PieVect.obj (.econst)
                  00008100    00000006     Bat_Control.obj (.econst)
                  00008106    00000002     rtGetNaN.obj (.econst)

.data      1    00008000    00000000     UNINITIALIZED

.ebss      1    00008108    00000134     UNINITIALIZED
                  00008108    00000018     DSP2833x_CpuTimers.obj (.ebss)
                  00008120    0000000c     rt_nonfinite.obj (.ebss)
                  0000812c    00000004     rts2800_fpu32.lib : _lock.obj (.ebss)
                  00008130    00000004                       : exit.obj (.ebss)
                  00008134    00000002     Bat_Control_main.obj (.ebss)
                  00008136    0000000a     --HOLE--
                  00008140    00000086     Bat_Control_data.obj (.ebss)
                  000081c6    0000003a     --HOLE--
                  00008200    0000003c     Bat_Control.obj (.ebss)

CsmPwlFile 
*          1    0033fff8    00000008     UNINITIALIZED
                  0033fff8    00000008     DSP2833x_GlobalVariableDefs.obj (CsmPwlFile)


GLOBAL SYMBOLS: SORTED ALPHABETICALLY BY Name 

address    name
--------   ----
00008000   .bss
00008000   .data
0000c000   .text
0000d321   C$$EXIT
0000cede   FD$$MPY
0000d2b1   FD$$TOL
0000ce56   FS$$DIV
0000d2d0   FS$$TOFD
0000cb30   _ADCINT_ISR
00380080   _ADC_cal
00000b00   _AdcMirror
00007100   _AdcRegs
00008204   _Bat_Control_DW
00008100   _Bat_Control_M
00008200   _Bat_Control_M_
00008140   _Bat_Control_P
00008226   _Bat_Control_U
00008214   _Bat_Control_Y
0000c60c   _Bat_Control_initialize
0000c01f   _Bat_Control_step
0000c643   _Bat_Control_terminate
0000cfa2   _ConfigCpuTimer
00008118   _CpuTimer0
00000c00   _CpuTimer0Regs
00008108   _CpuTimer1
00000c08   _CpuTimer1Regs
00008110   _CpuTimer2
00000c10   _CpuTimer2Regs
0033fff8   _CsmPwl
00000ae0   _CsmRegs
0000ce25   _CsmUnlock
0000ca5e   _DATALOG_ISR
0000cc52   _DINTCH1_ISR
0000cc5c   _DINTCH2_ISR
0000cc66   _DINTCH3_ISR
0000cc70   _DINTCH4_ISR
0000cc7a   _DINTCH5_ISR
0000cc84   _DINTCH6_ISR
0000c64e   _DMACH1AddrConfig
0000c660   _DMACH1BurstConfig
0000c696   _DMACH1ModeConfig
0000c671   _DMACH1TransferConfig
0000c682   _DMACH1WrapConfig
0000c6f8   _DMACH2AddrConfig
0000c70a   _DMACH2BurstConfig
0000c740   _DMACH2ModeConfig
0000c71b   _DMACH2TransferConfig
0000c72c   _DMACH2WrapConfig
0000c7a2   _DMACH3AddrConfig
0000c7b4   _DMACH3BurstConfig
0000c7ea   _DMACH3ModeConfig
0000c7c5   _DMACH3TransferConfig
0000c7d6   _DMACH3WrapConfig
0000c84c   _DMACH4AddrConfig
0000c85e   _DMACH4BurstConfig
0000c894   _DMACH4ModeConfig
0000c86f   _DMACH4TransferConfig
0000c880   _DMACH4WrapConfig
0000c8f6   _DMACH5AddrConfig
0000c908   _DMACH5BurstConfig
0000c93e   _DMACH5ModeConfig
0000c919   _DMACH5TransferConfig
0000c92a   _DMACH5WrapConfig
0000c9a0   _DMACH6AddrConfig
0000c9b2   _DMACH6BurstConfig
0000c9e8   _DMACH6ModeConfig
0000c9c3   _DMACH6TransferConfig
0000c9d4   _DMACH6WrapConfig
0000c644   _DMAInitialize
0000d481   _DSP28x_usDelay
00000880   _DevEmuRegs
0000cd73   _DisableDog
00001000   _DmaRegs
0000ccde   _ECAN0INTA_ISR
0000ccf2   _ECAN0INTB_ISR
0000cce8   _ECAN1INTA_ISR
0000ccfc   _ECAN1INTB_ISR
0000cbc6   _ECAP1_INT_ISR
0000cbd0   _ECAP2_INT_ISR
0000cbda   _ECAP3_INT_ISR
0000cbe4   _ECAP4_INT_ISR
0000cbee   _ECAP5_INT_ISR
0000cbf8   _ECAP6_INT_ISR
00006040   _ECanaLAMRegs
000060c0   _ECanaMOTORegs
00006080   _ECanaMOTSRegs
00006100   _ECanaMboxes
00006000   _ECanaRegs
00006240   _ECanbLAMRegs
000062c0   _ECanbMOTORegs
00006280   _ECanbMOTSRegs
00006300   _ECanbMboxes
00006200   _ECanbRegs
00006a00   _ECap1Regs
00006a20   _ECap2Regs
00006a40   _ECap3Regs
00006a60   _ECap4Regs
00006a80   _ECap5Regs
00006aa0   _ECap6Regs
0000ca72   _EMUINT_ISR
0000cb8a   _EPWM1_INT_ISR
0000cb4e   _EPWM1_TZINT_ISR
0000cb94   _EPWM2_INT_ISR
0000cb58   _EPWM2_TZINT_ISR
0000cb9e   _EPWM3_INT_ISR
0000cb62   _EPWM3_TZINT_ISR
0000cba8   _EPWM4_INT_ISR
0000cb6c   _EPWM4_TZINT_ISR
0000cbb2   _EPWM5_INT_ISR
0000cb76   _EPWM5_TZINT_ISR
0000cbbc   _EPWM6_INT_ISR
0000cb80   _EPWM6_TZINT_ISR
00006800   _EPwm1Regs
00006840   _EPwm2Regs
00006880   _EPwm3Regs
000068c0   _EPwm4Regs
00006900   _EPwm5Regs
00006940   _EPwm6Regs
0000cc02   _EQEP1_INT_ISR
0000cc0c   _EQEP2_INT_ISR
00006b00   _EQep1Regs
00006b40   _EQep2Regs
0000d261   _EnableInterrupts
00000a80   _FlashRegs
00006f80   _GpioCtrlRegs
00006fc0   _GpioDataRegs
00006fe0   _GpioIntRegs
0000cc8e   _I2CINT1A_ISR
0000cc98   _I2CINT2A_ISR
00007900   _I2caRegs
0000ca86   _ILLEGAL_ISR
0000ca4a   _INT13_ISR
0000ca54   _INT14_ISR
003fead8   _IQ10mpyRndSatTable
003feacc   _IQ11mpyRndSatTable
003feac0   _IQ12mpyRndSatTable
003feab4   _IQ13mpyRndSatTable
003feaa8   _IQ14mpyRndSatTable
003fea9c   _IQ15mpyRndSatTable
003fea90   _IQ16mpyRndSatTable
003fea84   _IQ17mpyRndSatTable
003fea78   _IQ18mpyRndSatTable
003fea6c   _IQ19mpyRndSatTable
003feb44   _IQ1mpyRndSatTable
003fea60   _IQ20mpyRndSatTable
003fea54   _IQ21mpyRndSatTable
003fea48   _IQ22mpyRndSatTable
003fea3c   _IQ23mpyRndSatTable
003fea30   _IQ24mpyRndSatTable
003fea24   _IQ25mpyRndSatTable
003fea18   _IQ26mpyRndSatTable
003fea0c   _IQ27mpyRndSatTable
003fea00   _IQ28mpyRndSatTable
003fe9f4   _IQ29mpyRndSatTable
003feb38   _IQ2mpyRndSatTable
003fe9e8   _IQ30mpyRndSatTable
003feb2c   _IQ3mpyRndSatTable
003feb20   _IQ4mpyRndSatTable
003feb14   _IQ5mpyRndSatTable
003feb08   _IQ6mpyRndSatTable
003feafc   _IQ7mpyRndSatTable
003feaf0   _IQ8mpyRndSatTable
003feae4   _IQ9mpyRndSatTable
003fe824   _IQatan2HalfPITable
003fe862   _IQatan2Table
003fe9e8   _IQatan2TableEnd
003fe100   _IQcosTable
003fe502   _IQcosTableEnd
003fe502   _IQdivRoundSatTable
003fe510   _IQdivTable
003fe712   _IQdivTableEnd
003fe712   _IQisqrtRoundSatTable
003fe722   _IQisqrtTable
003fe824   _IQisqrtTableEnd
003fe9e8   _IQmpyRndSatTable
003feb50   _IQmpyRndSatTableEnd
003fe000   _IQsinTable
003fe400   _IQsinTableEnd
003fe712   _IQsqrtRoundSatTable
003fe722   _IQsqrtTable
003fe824   _IQsqrtTableEnd
0000cf61   _InitCpuTimers
0000d466   _InitFlash
0000cdca   _InitPeripheralClocks
0000d242   _InitPieCtrl
0000d291   _InitPieVectTable
0000cd7b   _InitPll
0000cd60   _InitSysCtrl
0000d035   _InitXintf16Gpio
00008135   _IsrOverrun
0000cd42   _LUF_ISR
0000cd38   _LVF_ISR
0000cc3e   _MRINTA_ISR
0000cc2a   _MRINTB_ISR
0000cc48   _MXINTA_ISR
0000cc34   _MXINTB_ISR
00005000   _McbspaRegs
00005040   _McbspbRegs
0000d33a   _MemCopy
0000ca7c   _NMI_ISR
0000cd4c   _PIE_RESERVED
00000ce0   _PieCtrlRegs
00000d00   _PieVectTable
00008000   _PieVectTableInit
0000ca68   _RTOSINT_ISR
0000ccb6   _SCIRXINTA_ISR
0000ccca   _SCIRXINTB_ISR
0000cca2   _SCIRXINTC_ISR
0000ccc0   _SCITXINTA_ISR
0000ccd4   _SCITXINTB_ISR
0000ccac   _SCITXINTC_ISR
0000cb08   _SEQ1INT_ISR
0000cb12   _SEQ2INT_ISR
0000cc16   _SPIRXINTA_ISR
0000cc20   _SPITXINTA_ISR
00007050   _SciaRegs
00007750   _ScibRegs
00007770   _ScicRegs
0000cd69   _ServiceDog
00007040   _SpiaRegs
0000c6f0   _StartDMACH1
0000c79a   _StartDMACH2
0000c844   _StartDMACH3
0000c8ee   _StartDMACH4
0000c998   _StartDMACH5
0000ca42   _StartDMACH6
00007010   _SysCtrlRegs
0000cb3a   _TINT0_ISR
0000d19e   _TINT0_isr
0000caea   _USER10_ISR
0000caf4   _USER11_ISR
0000cafe   _USER12_ISR
0000ca90   _USER1_ISR
0000ca9a   _USER2_ISR
0000caa4   _USER3_ISR
0000caae   _USER4_ISR
0000cab8   _USER5_ISR
0000cac2   _USER6_ISR
0000cacc   _USER7_ISR
0000cad6   _USER8_ISR
0000cae0   _USER9_ISR
0000cb44   _WAKEINT_ISR
0000cb1c   _XINT1_ISR
0000cb26   _XINT2_ISR
0000cd06   _XINT3_ISR
0000cd10   _XINT4_ISR
0000cd1a   _XINT5_ISR
0000cd24   _XINT6_ISR
0000cd2e   _XINT7_ISR
00007070   _XIntruptRegs
00000b20   _XintfRegs
0000d437   __IQ24cos
0000d406   __IQ24sin
00000600   __STACK_END
00000200   __STACK_SIZE
00000001   __TI_args_main
ffffffff   ___binit__
00008000   ___bss__
ffffffff   ___c_args__
0000d360   ___cinit__
00008000   ___data__
00008000   ___edata__
00008000   ___end__
0000d360   ___etext__
ffffffff   ___pinit__
0000c000   ___text__
0000d308   __args_main
00008130   __cleanup_ptr
00008132   __dtors_ptr
0000812e   __lock
0000d357   __nop
0000d353   __register_lock
0000d34f   __register_unlock
00000400   __stack
0000812c   __unlock
0000d321   _abort
0000d158   _c_int00
0000d1e1   _config_schedulerTimer
0000d1f2   _disableWatchdog
0000d20f   _disable_interrupts
0000d1fe   _enable_interrupts
0000d323   _exit
0000d214   _fmod
0000cfdc   _init_board
0000d0ea   _main
0000d2ec   _modf
0000cd56   _rsvd_ISR
0000d112   _rtGetInf
0000d12c   _rtGetInfF
0000d135   _rtGetMinusInf
0000d14f   _rtGetMinusInfF
0000d26a   _rtGetNaN
0000d284   _rtGetNaNF
00008122   _rtInf
00008128   _rtInfF
0000d07b   _rtIsInf
0000d093   _rtIsInfF
0000d0ab   _rtIsNaN
0000d0b9   _rtIsNaNF
00008120   _rtMinusInf
00008126   _rtMinusInfF
00008124   _rtNaN
0000812a   _rtNaNF
0000d053   _rt_InitInfAndNaN
0000d0c7   _rt_OneStep
ffffffff   binit
0000d360   cinit
00000000   code_start
00008000   edata
00008000   end
0000d360   etext
ffffffff   pinit


GLOBAL SYMBOLS: SORTED BY Symbol Address 

address    name
--------   ----
00000000   code_start
00000001   __TI_args_main
00000200   __STACK_SIZE
00000400   __stack
00000600   __STACK_END
00000880   _DevEmuRegs
00000a80   _FlashRegs
00000ae0   _CsmRegs
00000b00   _AdcMirror
00000b20   _XintfRegs
00000c00   _CpuTimer0Regs
00000c08   _CpuTimer1Regs
00000c10   _CpuTimer2Regs
00000ce0   _PieCtrlRegs
00000d00   _PieVectTable
00001000   _DmaRegs
00005000   _McbspaRegs
00005040   _McbspbRegs
00006000   _ECanaRegs
00006040   _ECanaLAMRegs
00006080   _ECanaMOTSRegs
000060c0   _ECanaMOTORegs
00006100   _ECanaMboxes
00006200   _ECanbRegs
00006240   _ECanbLAMRegs
00006280   _ECanbMOTSRegs
000062c0   _ECanbMOTORegs
00006300   _ECanbMboxes
00006800   _EPwm1Regs
00006840   _EPwm2Regs
00006880   _EPwm3Regs
000068c0   _EPwm4Regs
00006900   _EPwm5Regs
00006940   _EPwm6Regs
00006a00   _ECap1Regs
00006a20   _ECap2Regs
00006a40   _ECap3Regs
00006a60   _ECap4Regs
00006a80   _ECap5Regs
00006aa0   _ECap6Regs
00006b00   _EQep1Regs
00006b40   _EQep2Regs
00006f80   _GpioCtrlRegs
00006fc0   _GpioDataRegs
00006fe0   _GpioIntRegs
00007010   _SysCtrlRegs
00007040   _SpiaRegs
00007050   _SciaRegs
00007070   _XIntruptRegs
00007100   _AdcRegs
00007750   _ScibRegs
00007770   _ScicRegs
00007900   _I2caRegs
00008000   .bss
00008000   .data
00008000   _PieVectTableInit
00008000   ___bss__
00008000   ___data__
00008000   ___edata__
00008000   ___end__
00008000   edata
00008000   end
00008100   _Bat_Control_M
00008108   _CpuTimer1
00008110   _CpuTimer2
00008118   _CpuTimer0
00008120   _rtMinusInf
00008122   _rtInf
00008124   _rtNaN
00008126   _rtMinusInfF
00008128   _rtInfF
0000812a   _rtNaNF
0000812c   __unlock
0000812e   __lock
00008130   __cleanup_ptr
00008132   __dtors_ptr
00008135   _IsrOverrun
00008140   _Bat_Control_P
00008200   _Bat_Control_M_
00008204   _Bat_Control_DW
00008214   _Bat_Control_Y
00008226   _Bat_Control_U
0000c000   .text
0000c000   ___text__
0000c01f   _Bat_Control_step
0000c60c   _Bat_Control_initialize
0000c643   _Bat_Control_terminate
0000c644   _DMAInitialize
0000c64e   _DMACH1AddrConfig
0000c660   _DMACH1BurstConfig
0000c671   _DMACH1TransferConfig
0000c682   _DMACH1WrapConfig
0000c696   _DMACH1ModeConfig
0000c6f0   _StartDMACH1
0000c6f8   _DMACH2AddrConfig
0000c70a   _DMACH2BurstConfig
0000c71b   _DMACH2TransferConfig
0000c72c   _DMACH2WrapConfig
0000c740   _DMACH2ModeConfig
0000c79a   _StartDMACH2
0000c7a2   _DMACH3AddrConfig
0000c7b4   _DMACH3BurstConfig
0000c7c5   _DMACH3TransferConfig
0000c7d6   _DMACH3WrapConfig
0000c7ea   _DMACH3ModeConfig
0000c844   _StartDMACH3
0000c84c   _DMACH4AddrConfig
0000c85e   _DMACH4BurstConfig
0000c86f   _DMACH4TransferConfig
0000c880   _DMACH4WrapConfig
0000c894   _DMACH4ModeConfig
0000c8ee   _StartDMACH4
0000c8f6   _DMACH5AddrConfig
0000c908   _DMACH5BurstConfig
0000c919   _DMACH5TransferConfig
0000c92a   _DMACH5WrapConfig
0000c93e   _DMACH5ModeConfig
0000c998   _StartDMACH5
0000c9a0   _DMACH6AddrConfig
0000c9b2   _DMACH6BurstConfig
0000c9c3   _DMACH6TransferConfig
0000c9d4   _DMACH6WrapConfig
0000c9e8   _DMACH6ModeConfig
0000ca42   _StartDMACH6
0000ca4a   _INT13_ISR
0000ca54   _INT14_ISR
0000ca5e   _DATALOG_ISR
0000ca68   _RTOSINT_ISR
0000ca72   _EMUINT_ISR
0000ca7c   _NMI_ISR
0000ca86   _ILLEGAL_ISR
0000ca90   _USER1_ISR
0000ca9a   _USER2_ISR
0000caa4   _USER3_ISR
0000caae   _USER4_ISR
0000cab8   _USER5_ISR
0000cac2   _USER6_ISR
0000cacc   _USER7_ISR
0000cad6   _USER8_ISR
0000cae0   _USER9_ISR
0000caea   _USER10_ISR
0000caf4   _USER11_ISR
0000cafe   _USER12_ISR
0000cb08   _SEQ1INT_ISR
0000cb12   _SEQ2INT_ISR
0000cb1c   _XINT1_ISR
0000cb26   _XINT2_ISR
0000cb30   _ADCINT_ISR
0000cb3a   _TINT0_ISR
0000cb44   _WAKEINT_ISR
0000cb4e   _EPWM1_TZINT_ISR
0000cb58   _EPWM2_TZINT_ISR
0000cb62   _EPWM3_TZINT_ISR
0000cb6c   _EPWM4_TZINT_ISR
0000cb76   _EPWM5_TZINT_ISR
0000cb80   _EPWM6_TZINT_ISR
0000cb8a   _EPWM1_INT_ISR
0000cb94   _EPWM2_INT_ISR
0000cb9e   _EPWM3_INT_ISR
0000cba8   _EPWM4_INT_ISR
0000cbb2   _EPWM5_INT_ISR
0000cbbc   _EPWM6_INT_ISR
0000cbc6   _ECAP1_INT_ISR
0000cbd0   _ECAP2_INT_ISR
0000cbda   _ECAP3_INT_ISR
0000cbe4   _ECAP4_INT_ISR
0000cbee   _ECAP5_INT_ISR
0000cbf8   _ECAP6_INT_ISR
0000cc02   _EQEP1_INT_ISR
0000cc0c   _EQEP2_INT_ISR
0000cc16   _SPIRXINTA_ISR
0000cc20   _SPITXINTA_ISR
0000cc2a   _MRINTB_ISR
0000cc34   _MXINTB_ISR
0000cc3e   _MRINTA_ISR
0000cc48   _MXINTA_ISR
0000cc52   _DINTCH1_ISR
0000cc5c   _DINTCH2_ISR
0000cc66   _DINTCH3_ISR
0000cc70   _DINTCH4_ISR
0000cc7a   _DINTCH5_ISR
0000cc84   _DINTCH6_ISR
0000cc8e   _I2CINT1A_ISR
0000cc98   _I2CINT2A_ISR
0000cca2   _SCIRXINTC_ISR
0000ccac   _SCITXINTC_ISR
0000ccb6   _SCIRXINTA_ISR
0000ccc0   _SCITXINTA_ISR
0000ccca   _SCIRXINTB_ISR
0000ccd4   _SCITXINTB_ISR
0000ccde   _ECAN0INTA_ISR
0000cce8   _ECAN1INTA_ISR
0000ccf2   _ECAN0INTB_ISR
0000ccfc   _ECAN1INTB_ISR
0000cd06   _XINT3_ISR
0000cd10   _XINT4_ISR
0000cd1a   _XINT5_ISR
0000cd24   _XINT6_ISR
0000cd2e   _XINT7_ISR
0000cd38   _LVF_ISR
0000cd42   _LUF_ISR
0000cd4c   _PIE_RESERVED
0000cd56   _rsvd_ISR
0000cd60   _InitSysCtrl
0000cd69   _ServiceDog
0000cd73   _DisableDog
0000cd7b   _InitPll
0000cdca   _InitPeripheralClocks
0000ce25   _CsmUnlock
0000ce56   FS$$DIV
0000cede   FD$$MPY
0000cf61   _InitCpuTimers
0000cfa2   _ConfigCpuTimer
0000cfdc   _init_board
0000d035   _InitXintf16Gpio
0000d053   _rt_InitInfAndNaN
0000d07b   _rtIsInf
0000d093   _rtIsInfF
0000d0ab   _rtIsNaN
0000d0b9   _rtIsNaNF
0000d0c7   _rt_OneStep
0000d0ea   _main
0000d112   _rtGetInf
0000d12c   _rtGetInfF
0000d135   _rtGetMinusInf
0000d14f   _rtGetMinusInfF
0000d158   _c_int00
0000d19e   _TINT0_isr
0000d1e1   _config_schedulerTimer
0000d1f2   _disableWatchdog
0000d1fe   _enable_interrupts
0000d20f   _disable_interrupts
0000d214   _fmod
0000d242   _InitPieCtrl
0000d261   _EnableInterrupts
0000d26a   _rtGetNaN
0000d284   _rtGetNaNF
0000d291   _InitPieVectTable
0000d2b1   FD$$TOL
0000d2d0   FS$$TOFD
0000d2ec   _modf
0000d308   __args_main
0000d321   C$$EXIT
0000d321   _abort
0000d323   _exit
0000d33a   _MemCopy
0000d34f   __register_unlock
0000d353   __register_lock
0000d357   __nop
0000d360   ___cinit__
0000d360   ___etext__
0000d360   cinit
0000d360   etext
0000d406   __IQ24sin
0000d437   __IQ24cos
0000d466   _InitFlash
0000d481   _DSP28x_usDelay
0033fff8   _CsmPwl
00380080   _ADC_cal
003fe000   _IQsinTable
003fe100   _IQcosTable
003fe400   _IQsinTableEnd
003fe502   _IQcosTableEnd
003fe502   _IQdivRoundSatTable
003fe510   _IQdivTable
003fe712   _IQdivTableEnd
003fe712   _IQisqrtRoundSatTable
003fe712   _IQsqrtRoundSatTable
003fe722   _IQisqrtTable
003fe722   _IQsqrtTable
003fe824   _IQatan2HalfPITable
003fe824   _IQisqrtTableEnd
003fe824   _IQsqrtTableEnd
003fe862   _IQatan2Table
003fe9e8   _IQ30mpyRndSatTable
003fe9e8   _IQatan2TableEnd
003fe9e8   _IQmpyRndSatTable
003fe9f4   _IQ29mpyRndSatTable
003fea00   _IQ28mpyRndSatTable
003fea0c   _IQ27mpyRndSatTable
003fea18   _IQ26mpyRndSatTable
003fea24   _IQ25mpyRndSatTable
003fea30   _IQ24mpyRndSatTable
003fea3c   _IQ23mpyRndSatTable
003fea48   _IQ22mpyRndSatTable
003fea54   _IQ21mpyRndSatTable
003fea60   _IQ20mpyRndSatTable
003fea6c   _IQ19mpyRndSatTable
003fea78   _IQ18mpyRndSatTable
003fea84   _IQ17mpyRndSatTable
003fea90   _IQ16mpyRndSatTable
003fea9c   _IQ15mpyRndSatTable
003feaa8   _IQ14mpyRndSatTable
003feab4   _IQ13mpyRndSatTable
003feac0   _IQ12mpyRndSatTable
003feacc   _IQ11mpyRndSatTable
003fead8   _IQ10mpyRndSatTable
003feae4   _IQ9mpyRndSatTable
003feaf0   _IQ8mpyRndSatTable
003feafc   _IQ7mpyRndSatTable
003feb08   _IQ6mpyRndSatTable
003feb14   _IQ5mpyRndSatTable
003feb20   _IQ4mpyRndSatTable
003feb2c   _IQ3mpyRndSatTable
003feb38   _IQ2mpyRndSatTable
003feb44   _IQ1mpyRndSatTable
003feb50   _IQmpyRndSatTableEnd
ffffffff   ___binit__
ffffffff   ___c_args__
ffffffff   ___pinit__
ffffffff   binit
ffffffff   pinit

[312 symbols]
