******************************************************************************
             TMS320C2000 Linker PC v6.1.3                      
******************************************************************************
>> Linked Wed May 20 11:36:37 2015

OUTPUT FILE NAME:   <F:/control_1_new_20150210_06/IP/IP/../Debug/IP.out>
ENTRY POINT SYMBOL: "code_start"  address: 00000000


MEMORY CONFIGURATION

         name            origin    length      used     unused   attr    fill
----------------------  --------  ---------  --------  --------  ----  --------
PAGE 0:
  BEGIN                 00000000   00000002  00000002  00000000  RWIX
  BOOT_RSVD             00000002   0000004e  00000000  0000004e  RWIX
  RAMM0                 00000050   000003b0  00000000  000003b0  RWIX
  RAML                  00008000   00005000  000015a8  00003a58  RWIX
  ZONE7A                00200000   0000fc00  00000000  0000fc00  RWIX
  CSM_RSVD              0033ff80   00000076  00000000  00000076  RWIX
  CSM_PWL               0033fff8   00000008  00000000  00000008  RWIX
  ADC_CAL               00380080   00000009  00000007  00000002  RWIX
  IQTABLES              003fe000   00000b50  00000000  00000b50  RWIX
  IQTABLES2             003feb50   0000008c  00000000  0000008c  RWIX
  FPUTABLES             003febdc   000006a0  00000000  000006a0  RWIX
  BOOTROM               003ff27c   00000d44  00000000  00000d44  RWIX
  RESET                 003fffc0   00000002  00000000  00000002  RWIX

PAGE 1:
  RAMM                  00000400   00000400  00000000  00000400  RWIX
  DEV_EMU               00000880   00000180  000000d0  000000b0  RWIX
  FLASH_REGS            00000a80   00000060  00000008  00000058  RWIX
  CSM                   00000ae0   00000010  00000010  00000000  RWIX
  ADC_MIRROR            00000b00   00000010  00000010  00000000  RWIX
  XINTF                 00000b20   00000020  0000001e  00000002  RWIX
  CPU_TIMER0            00000c00   00000008  00000008  00000000  RWIX
  CPU_TIMER1            00000c08   00000008  00000008  00000000  RWIX
  CPU_TIMER2            00000c10   00000008  00000008  00000000  RWIX
  PIE_CTRL              00000ce0   00000020  0000001a  00000006  RWIX
  PIE_VECT              00000d00   00000100  00000100  00000000  RWIX
  DMA                   00001000   00000200  000000e0  00000120  RWIX
  MCBSPA                00005000   00000040  00000025  0000001b  RWIX
  MCBSPB                00005040   00000040  00000025  0000001b  RWIX
  ECANA                 00006000   00000040  00000034  0000000c  RWIX
  ECANA_LAM             00006040   00000040  00000040  00000000  RWIX
  ECANA_MOTS            00006080   00000040  00000040  00000000  RWIX
  ECANA_MOTO            000060c0   00000040  00000040  00000000  RWIX
  ECANA_MBOX            00006100   00000100  00000100  00000000  RWIX
  ECANB                 00006200   00000040  00000034  0000000c  RWIX
  ECANB_LAM             00006240   00000040  00000040  00000000  RWIX
  ECANB_MOTS            00006280   00000040  00000040  00000000  RWIX
  ECANB_MOTO            000062c0   00000040  00000040  00000000  RWIX
  ECANB_MBOX            00006300   00000100  00000100  00000000  RWIX
  EPWM1                 00006800   00000022  00000022  00000000  RWIX
  EPWM2                 00006840   00000022  00000022  00000000  RWIX
  EPWM3                 00006880   00000022  00000022  00000000  RWIX
  EPWM4                 000068c0   00000022  00000022  00000000  RWIX
  EPWM5                 00006900   00000022  00000022  00000000  RWIX
  EPWM6                 00006940   00000022  00000022  00000000  RWIX
  ECAP1                 00006a00   00000020  00000020  00000000  RWIX
  ECAP2                 00006a20   00000020  00000020  00000000  RWIX
  ECAP3                 00006a40   00000020  00000020  00000000  RWIX
  ECAP4                 00006a60   00000020  00000020  00000000  RWIX
  ECAP5                 00006a80   00000020  00000020  00000000  RWIX
  ECAP6                 00006aa0   00000020  00000020  00000000  RWIX
  EQEP1                 00006b00   00000040  00000040  00000000  RWIX
  EQEP2                 00006b40   00000040  00000040  00000000  RWIX
  GPIOCTRL              00006f80   00000040  0000002e  00000012  RWIX
  GPIODAT               00006fc0   00000020  00000020  00000000  RWIX
  GPIOINT               00006fe0   00000020  0000000a  00000016  RWIX
  SYSTEM                00007010   00000020  00000020  00000000  RWIX
  SPIA                  00007040   00000010  00000010  00000000  RWIX
  SCIA                  00007050   00000010  00000010  00000000  RWIX
  XINTRUPT              00007070   00000010  00000010  00000000  RWIX
  ADC                   00007100   00000020  0000001e  00000002  RWIX
  SCIB                  00007750   00000010  00000010  00000000  RWIX
  SCIC                  00007770   00000010  00000010  00000000  RWIX
  I2CA                  00007900   00000040  00000022  0000001e  RWIX
  RAMH                  0000d000   00004000  0000268e  00001972  RWIX
  ZONE7B                0020fc00   00000400  00000000  00000400  RWIX
  CSM_PWL               0033fff8   00000008  00000008  00000000  RWIX


SECTION ALLOCATION MAP

 output                                  attributes/
section   page    origin      length       input sections
--------  ----  ----------  ----------   ----------------
codestart 
*          0    00000000    00000002     
                  00000000    00000002     DSP2833x_CodeStartBranch.obj (codestart)

.pinit     0    00008000    00000000     UNINITIALIZED

.text      0    00008000    00001563     
                  00008000    000007b4     net.obj (.text)
                  000087b4    000003f5     DSP2833x_DMA.obj (.text)
                  00008ba9    0000020f     MAIN.obj (.text:retain)
                  00008db8    000001d8     MAIN.obj (.text)
                  00008f90    00000190     DSP2833x_DefaultIsr.obj (.text:retain)
                  00009120    00000181     DSP2833x_Xintf.obj (.text)
                  000092a1    000000f3     DSP2833x_SysCtrl.obj (.text)
                  00009394    000000c8     DSP2833x_EPwm.obj (.text)
                  0000945c    00000075     DSP2833x_CpuTimers.obj (.text)
                  000094d1    0000002e     DSP2833x_Spi.obj (.text)
                  000094ff    00000028     DSP2833x_PieCtrl.obj (.text)
                  00009527    00000020     DSP2833x_PieVect.obj (.text)
                  00009547    00000014     DSP2833x_Adc.obj (.text)
                  0000955b    00000008     DSP2833x_CodeStartBranch.obj (.text)

.cinit     0    00009563    00000026     
                  00009563    00000018     MAIN.obj (.cinit)
                  0000957b    0000000c     net.obj (.cinit)
                  00009587    00000002     --HOLE-- [fill = 0]

ramfuncs   0    00009589    0000001f     
                  00009589    0000001b     DSP2833x_SysCtrl.obj (ramfuncs)
                  000095a4    00000004     DSP2833x_usDelay.obj (ramfuncs)

csm_rsvd   0    0033ff80    00000000     DSECT

csmpasswds 
*          0    0033fff8    00000000     DSECT

.adc_cal   0    00380080    00000007     NOLOAD SECTION
                  00380080    00000007     DSP2833x_ADC_cal.obj (.adc_cal)

.reset     0    003fffc0    00000000     DSECT

DevEmuRegsFile 
*          1    00000880    000000d0     UNINITIALIZED
                  00000880    000000d0     DSP2833x_GlobalVariableDefs.obj (DevEmuRegsFile)

FlashRegsFile 
*          1    00000a80    00000008     UNINITIALIZED
                  00000a80    00000008     DSP2833x_GlobalVariableDefs.obj (FlashRegsFile)

CsmRegsFile 
*          1    00000ae0    00000010     UNINITIALIZED
                  00000ae0    00000010     DSP2833x_GlobalVariableDefs.obj (CsmRegsFile)

AdcMirrorFile 
*          1    00000b00    00000010     UNINITIALIZED
                  00000b00    00000010     DSP2833x_GlobalVariableDefs.obj (AdcMirrorFile)

XintfRegsFile 
*          1    00000b20    0000001e     UNINITIALIZED
                  00000b20    0000001e     DSP2833x_GlobalVariableDefs.obj (XintfRegsFile)

CpuTimer0RegsFile 
*          1    00000c00    00000008     UNINITIALIZED
                  00000c00    00000008     DSP2833x_GlobalVariableDefs.obj (CpuTimer0RegsFile)

CpuTimer1RegsFile 
*          1    00000c08    00000008     UNINITIALIZED
                  00000c08    00000008     DSP2833x_GlobalVariableDefs.obj (CpuTimer1RegsFile)

CpuTimer2RegsFile 
*          1    00000c10    00000008     UNINITIALIZED
                  00000c10    00000008     DSP2833x_GlobalVariableDefs.obj (CpuTimer2RegsFile)

PieCtrlRegsFile 
*          1    00000ce0    0000001a     UNINITIALIZED
                  00000ce0    0000001a     DSP2833x_GlobalVariableDefs.obj (PieCtrlRegsFile)

PieVectTableFile 
*          1    00000d00    00000100     UNINITIALIZED
                  00000d00    00000100     DSP2833x_GlobalVariableDefs.obj (PieVectTableFile)

DmaRegsFile 
*          1    00001000    000000e0     UNINITIALIZED
                  00001000    000000e0     DSP2833x_GlobalVariableDefs.obj (DmaRegsFile)

McbspaRegsFile 
*          1    00005000    00000025     UNINITIALIZED
                  00005000    00000025     DSP2833x_GlobalVariableDefs.obj (McbspaRegsFile)

McbspbRegsFile 
*          1    00005040    00000025     UNINITIALIZED
                  00005040    00000025     DSP2833x_GlobalVariableDefs.obj (McbspbRegsFile)

ECanaRegsFile 
*          1    00006000    00000034     UNINITIALIZED
                  00006000    00000034     DSP2833x_GlobalVariableDefs.obj (ECanaRegsFile)

ECanaLAMRegsFile 
*          1    00006040    00000040     UNINITIALIZED
                  00006040    00000040     DSP2833x_GlobalVariableDefs.obj (ECanaLAMRegsFile)

ECanaMOTSRegsFile 
*          1    00006080    00000040     UNINITIALIZED
                  00006080    00000040     DSP2833x_GlobalVariableDefs.obj (ECanaMOTSRegsFile)

ECanaMOTORegsFile 
*          1    000060c0    00000040     UNINITIALIZED
                  000060c0    00000040     DSP2833x_GlobalVariableDefs.obj (ECanaMOTORegsFile)

ECanaMboxesFile 
*          1    00006100    00000100     UNINITIALIZED
                  00006100    00000100     DSP2833x_GlobalVariableDefs.obj (ECanaMboxesFile)

ECanbRegsFile 
*          1    00006200    00000034     UNINITIALIZED
                  00006200    00000034     DSP2833x_GlobalVariableDefs.obj (ECanbRegsFile)

ECanbLAMRegsFile 
*          1    00006240    00000040     UNINITIALIZED
                  00006240    00000040     DSP2833x_GlobalVariableDefs.obj (ECanbLAMRegsFile)

ECanbMOTSRegsFile 
*          1    00006280    00000040     UNINITIALIZED
                  00006280    00000040     DSP2833x_GlobalVariableDefs.obj (ECanbMOTSRegsFile)

ECanbMOTORegsFile 
*          1    000062c0    00000040     UNINITIALIZED
                  000062c0    00000040     DSP2833x_GlobalVariableDefs.obj (ECanbMOTORegsFile)

ECanbMboxesFile 
*          1    00006300    00000100     UNINITIALIZED
                  00006300    00000100     DSP2833x_GlobalVariableDefs.obj (ECanbMboxesFile)

EPwm1RegsFile 
*          1    00006800    00000022     UNINITIALIZED
                  00006800    00000022     DSP2833x_GlobalVariableDefs.obj (EPwm1RegsFile)

EPwm2RegsFile 
*          1    00006840    00000022     UNINITIALIZED
                  00006840    00000022     DSP2833x_GlobalVariableDefs.obj (EPwm2RegsFile)

EPwm3RegsFile 
*          1    00006880    00000022     UNINITIALIZED
                  00006880    00000022     DSP2833x_GlobalVariableDefs.obj (EPwm3RegsFile)

EPwm4RegsFile 
*          1    000068c0    00000022     UNINITIALIZED
                  000068c0    00000022     DSP2833x_GlobalVariableDefs.obj (EPwm4RegsFile)

EPwm5RegsFile 
*          1    00006900    00000022     UNINITIALIZED
                  00006900    00000022     DSP2833x_GlobalVariableDefs.obj (EPwm5RegsFile)

EPwm6RegsFile 
*          1    00006940    00000022     UNINITIALIZED
                  00006940    00000022     DSP2833x_GlobalVariableDefs.obj (EPwm6RegsFile)

ECap1RegsFile 
*          1    00006a00    00000020     UNINITIALIZED
                  00006a00    00000020     DSP2833x_GlobalVariableDefs.obj (ECap1RegsFile)

ECap2RegsFile 
*          1    00006a20    00000020     UNINITIALIZED
                  00006a20    00000020     DSP2833x_GlobalVariableDefs.obj (ECap2RegsFile)

ECap3RegsFile 
*          1    00006a40    00000020     UNINITIALIZED
                  00006a40    00000020     DSP2833x_GlobalVariableDefs.obj (ECap3RegsFile)

ECap4RegsFile 
*          1    00006a60    00000020     UNINITIALIZED
                  00006a60    00000020     DSP2833x_GlobalVariableDefs.obj (ECap4RegsFile)

ECap5RegsFile 
*          1    00006a80    00000020     UNINITIALIZED
                  00006a80    00000020     DSP2833x_GlobalVariableDefs.obj (ECap5RegsFile)

ECap6RegsFile 
*          1    00006aa0    00000020     UNINITIALIZED
                  00006aa0    00000020     DSP2833x_GlobalVariableDefs.obj (ECap6RegsFile)

EQep1RegsFile 
*          1    00006b00    00000040     UNINITIALIZED
                  00006b00    00000040     DSP2833x_GlobalVariableDefs.obj (EQep1RegsFile)

EQep2RegsFile 
*          1    00006b40    00000040     UNINITIALIZED
                  00006b40    00000040     DSP2833x_GlobalVariableDefs.obj (EQep2RegsFile)

GpioCtrlRegsFile 
*          1    00006f80    0000002e     UNINITIALIZED
                  00006f80    0000002e     DSP2833x_GlobalVariableDefs.obj (GpioCtrlRegsFile)

GpioDataRegsFile 
*          1    00006fc0    00000020     UNINITIALIZED
                  00006fc0    00000020     DSP2833x_GlobalVariableDefs.obj (GpioDataRegsFile)

GpioIntRegsFile 
*          1    00006fe0    0000000a     UNINITIALIZED
                  00006fe0    0000000a     DSP2833x_GlobalVariableDefs.obj (GpioIntRegsFile)

SysCtrlRegsFile 
*          1    00007010    00000020     UNINITIALIZED
                  00007010    00000020     DSP2833x_GlobalVariableDefs.obj (SysCtrlRegsFile)

SpiaRegsFile 
*          1    00007040    00000010     UNINITIALIZED
                  00007040    00000010     DSP2833x_GlobalVariableDefs.obj (SpiaRegsFile)

SciaRegsFile 
*          1    00007050    00000010     UNINITIALIZED
                  00007050    00000010     DSP2833x_GlobalVariableDefs.obj (SciaRegsFile)

XIntruptRegsFile 
*          1    00007070    00000010     UNINITIALIZED
                  00007070    00000010     DSP2833x_GlobalVariableDefs.obj (XIntruptRegsFile)

AdcRegsFile 
*          1    00007100    0000001e     UNINITIALIZED
                  00007100    0000001e     DSP2833x_GlobalVariableDefs.obj (AdcRegsFile)

ScibRegsFile 
*          1    00007750    00000010     UNINITIALIZED
                  00007750    00000010     DSP2833x_GlobalVariableDefs.obj (ScibRegsFile)

ScicRegsFile 
*          1    00007770    00000010     UNINITIALIZED
                  00007770    00000010     DSP2833x_GlobalVariableDefs.obj (ScicRegsFile)

I2caRegsFile 
*          1    00007900    00000022     UNINITIALIZED
                  00007900    00000022     DSP2833x_GlobalVariableDefs.obj (I2caRegsFile)

.ebss      1    0000d000    00002580     UNINITIALIZED
                  0000d000    00002137     MAIN.obj (.ebss)
                  0000f137    00000009     --HOLE--
                  0000f140    00000428     net.obj (.ebss)
                  0000f568    00000018     DSP2833x_CpuTimers.obj (.ebss)

.econst    1    0000f580    0000010e     
                  0000f580    00000100     DSP2833x_PieVect.obj (.econst)
                  0000f680    00000003     net.obj (.econst:_MyMAC)
                  0000f683    00000003     net.obj (.econst:_RemoteMAC)
                  0000f686    00000002     net.obj (.econst:_GatewayIP)
                  0000f688    00000002     net.obj (.econst:_MyIP)
                  0000f68a    00000002     net.obj (.econst:_RemoteIP)
                  0000f68c    00000002     net.obj (.econst:_SubnetMask)

CsmPwlFile 
*          1    0033fff8    00000008     UNINITIALIZED
                  0033fff8    00000008     DSP2833x_GlobalVariableDefs.obj (CsmPwlFile)


GLOBAL SYMBOLS: SORTED ALPHABETICALLY BY Name 

address    name
--------   ----
00008000   .text
UNDEFED    FS$$MPY
UNDEFED    FS$$SUB
UNDEFED    FS$$TOL
UNDEFED    FS$$TOU
UNDEFED    U$$TOFS
00009003   _ADCINT_ISR
00380080   _ADC_cal
0000f14c   _ARPAnswerSuccessFlag
00000b00   _AdcMirror
00007100   _AdcRegs
000083c5   _ArpAnswer
0000835d   _ArpRequest
UNDEFED    _Bat_Control_U
UNDEFED    _Bat_Control_Y
UNDEFED    _Bat_Control_initialize
UNDEFED    _Bat_Control_step
000080e1   _CalcCheckSum
0000949d   _ConfigCpuTimer
0000833c   _CopyFrameFromBE
0000f578   _CpuTimer0
00000c00   _CpuTimer0Regs
0000f568   _CpuTimer1
00000c08   _CpuTimer1Regs
0000f570   _CpuTimer2
00000c10   _CpuTimer2Regs
0033fff8   _CsmPwl
00000ae0   _CsmRegs
00009363   _CsmUnlock
00008f9a   _DATALOG_ISR
00009094   _DINTCH1_ISR
00009099   _DINTCH2_ISR
0000909e   _DINTCH3_ISR
000090a3   _DINTCH4_ISR
000090a8   _DINTCH5_ISR
000090ad   _DINTCH6_ISR
000087bf   _DMACH1AddrConfig
000087d1   _DMACH1BurstConfig
00008804   _DMACH1ModeConfig
000087e1   _DMACH1TransferConfig
000087f1   _DMACH1WrapConfig
00008866   _DMACH2AddrConfig
00008878   _DMACH2BurstConfig
000088ab   _DMACH2ModeConfig
00008888   _DMACH2TransferConfig
00008898   _DMACH2WrapConfig
0000890d   _DMACH3AddrConfig
0000891f   _DMACH3BurstConfig
00008952   _DMACH3ModeConfig
0000892f   _DMACH3TransferConfig
0000893f   _DMACH3WrapConfig
000089b4   _DMACH4AddrConfig
000089c6   _DMACH4BurstConfig
000089f9   _DMACH4ModeConfig
000089d6   _DMACH4TransferConfig
000089e6   _DMACH4WrapConfig
00008a5b   _DMACH5AddrConfig
00008a6d   _DMACH5BurstConfig
00008aa0   _DMACH5ModeConfig
00008a7d   _DMACH5TransferConfig
00008a8d   _DMACH5WrapConfig
00008b02   _DMACH6AddrConfig
00008b14   _DMACH6BurstConfig
00008b47   _DMACH6ModeConfig
00008b24   _DMACH6TransferConfig
00008b34   _DMACH6WrapConfig
000087b4   _DMAInitialize
000095a4   _DSP28x_usDelay
00008db8   _Delay
00000880   _DevEmuRegs
000092b4   _DisableDog
00001000   _DmaRegs
000087a3   _DoNetworkStuff
000090da   _ECAN0INTA_ISR
000090e4   _ECAN0INTB_ISR
000090df   _ECAN1INTA_ISR
000090e9   _ECAN1INTB_ISR
0000904e   _ECAP1_INT_ISR
00009053   _ECAP2_INT_ISR
00009058   _ECAP3_INT_ISR
0000905d   _ECAP4_INT_ISR
00009062   _ECAP5_INT_ISR
00009067   _ECAP6_INT_ISR
00006040   _ECanaLAMRegs
000060c0   _ECanaMOTORegs
00006080   _ECanaMOTSRegs
00006100   _ECanaMboxes
00006000   _ECanaRegs
00006240   _ECanbLAMRegs
000062c0   _ECanbMOTORegs
00006280   _ECanbMOTSRegs
00006300   _ECanbMboxes
00006200   _ECanbRegs
00006a00   _ECap1Regs
00006a20   _ECap2Regs
00006a40   _ECap3Regs
00006a60   _ECap4Regs
00006a80   _ECap5Regs
00006aa0   _ECap6Regs
00009111   _EMPTY_ISR
00008fa4   _EMUINT_ISR
00009030   _EPWM1_INT_ISR
00009012   _EPWM1_TZINT_ISR
00009035   _EPWM2_INT_ISR
00009017   _EPWM2_TZINT_ISR
0000903a   _EPWM3_INT_ISR
0000901c   _EPWM3_TZINT_ISR
0000903f   _EPWM4_INT_ISR
00009021   _EPWM4_TZINT_ISR
00009044   _EPWM5_INT_ISR
00009026   _EPWM5_TZINT_ISR
00009049   _EPWM6_INT_ISR
0000902b   _EPWM6_TZINT_ISR
00006800   _EPwm1Regs
00006840   _EPwm2Regs
00006880   _EPwm3Regs
000068c0   _EPwm4Regs
00006900   _EPwm5Regs
00006940   _EPwm6Regs
0000906c   _EQEP1_INT_ISR
00009071   _EQEP2_INT_ISR
00006b00   _EQep1Regs
00006b40   _EQep2Regs
0000951e   _EnableInterrupts
00000a80   _FlashRegs
0000f686   _GatewayIP
00006f80   _GpioCtrlRegs
00006fc0   _GpioDataRegs
00006fe0   _GpioIntRegs
000090b2   _I2CINT1A_ISR
000090b7   _I2CINT2A_ISR
00007900   _I2caRegs
00008fae   _ILLEGAL_ISR
00008f90   _INT13_ISR
00008f95   _INT14_ISR
00008f7a   _Init4DigCtlGpio
0000800e   _Init8019
00009547   _InitAdc
0000945c   _InitCpuTimers
00009394   _InitEPwm
00008eea   _InitEPwm1Example
000093a2   _InitEPwm1Gpio
00008f1a   _InitEPwm2Example
000093b4   _InitEPwm2Gpio
00008f4a   _InitEPwm3Example
000093c6   _InitEPwm3Gpio
000093da   _InitEPwm4Gpio
000093ee   _InitEPwm5Gpio
00009400   _InitEPwm6Gpio
00009395   _InitEPwmGpio
00009412   _InitEPwmSyncGpio
00009589   _InitFlash
00009308   _InitPeripheralClocks
000094ff   _InitPieCtrl
00009527   _InitPieVectTable
000092bc   _InitPll
000094d1   _InitSpi
000094d2   _InitSpiGpio
000094d5   _InitSpiaGpio
000092a1   _InitSysCtrl
00009426   _InitTzGpio
00009120   _InitXintf
000091bc   _InitXintf16Gpio
00009175   _InitXintf32Gpio
0000f141   _IpEdition
0000f148   _IpIdent
0000f140   _IpServiceType
0000910c   _LUF_ISR
00009107   _LVF_ISR
0000908a   _MRINTA_ISR
00009080   _MRINTB_ISR
0000908f   _MXINTA_ISR
00009085   _MXINTB_ISR
00005000   _McbspaRegs
00005040   _McbspbRegs
0000f688   _MyIP
0000f680   _MyMAC
0000f142   _MyUdpPort
00008fa9   _NMI_ISR
00009116   _PIE_RESERVED
00000ce0   _PieCtrlRegs
00000d00   _PieVectTable
0000f580   _PieVectTableInit
00008425   _Prepare_ICMP_Answer
00008681   _Prepare_UDP_Frame
000086ff   _ProcessEthBroadcastFrame
0000873a   _ProcessEthIAFrame
00008412   _Process_ICMP_Frame
000084a3   _Process_UDP_Frame
00008f9f   _RTOSINT_ISR
000081e7   _RecFrame
0000f14d   _RecdFrameIP
0000f14f   _RecdFrameMAC
0000f149   _RecdIpFrameLenth
0000f68a   _RemoteIP
0000f683   _RemoteMAC
0000ee40   _RxEthnetFrameBuffer
0000d003   _RxSuccessFlag
000090c6   _SCIRXINTA_ISR
000090d0   _SCIRXINTB_ISR
000090bc   _SCIRXINTC_ISR
000090cb   _SCITXINTA_ISR
000090d5   _SCITXINTB_ISR
000090c1   _SCITXINTC_ISR
00008fef   _SEQ1INT_ISR
00008ff4   _SEQ2INT_ISR
00009076   _SPIRXINTA_ISR
0000907b   _SPITXINTA_ISR
00007050   _SciaRegs
00007750   _ScibRegs
00007770   _ScicRegs
00008135   _SendFrame
000092aa   _ServiceDog
00007040   _SpiaRegs
0000885e   _StartDMACH1
00008905   _StartDMACH2
000089ac   _StartDMACH3
00008a53   _StartDMACH4
00008afa   _StartDMACH5
00008ba1   _StartDMACH6
0000f68c   _SubnetMask
00008321   _SwapWord
00007010   _SysCtrlRegs
0000d006   _T0flag
0000d001   _T1flag
0000d000   _T2flag
00009008   _TINT0_ISR
0000f146   _TxBufFlag
0000eb40   _TxEthnetFrameBuffer
0000f14b   _TxFrameSize
000085f0   _UDPActiveTxData
000084cd   _UDPSetTxdata
0000f144   _UDPUserDataLenth
00008fe0   _USER10_ISR
00008fe5   _USER11_ISR
00008fea   _USER12_ISR
00008fb3   _USER1_ISR
00008fb8   _USER2_ISR
00008fbd   _USER3_ISR
00008fc2   _USER4_ISR
00008fc7   _USER5_ISR
00008fcc   _USER6_ISR
00008fd1   _USER7_ISR
00008fd6   _USER8_ISR
00008fdb   _USER9_ISR
0000900d   _WAKEINT_ISR
0000832a   _WriteDWord
00008ff9   _XINT1_ISR
00008ffe   _XINT2_ISR
000090ee   _XINT3_ISR
000090f3   _XINT4_ISR
000090f8   _XINT5_ISR
000090fd   _XINT6_ISR
00009102   _XINT7_ISR
00007070   _XIntruptRegs
00000b20   _XintfRegs
ffffffff   ___binit__
ffffffff   ___c_args__
00009563   ___cinit__
00009563   ___etext__
UNDEFED    ___memcpy_ff
ffffffff   ___pinit__
00008000   ___text__
00008ba9   _adc_isr
0000d005   _adcflag
0000f147   _bnry
UNDEFED    _c_int00
00008bc0   _cpu_timer0_isr
00008d72   _cpu_timer1_isr
00008d81   _cpu_timer2_isr
0000f145   _curr
0000d012   _epwm1_info
00008d91   _epwm1_isr
0000d008   _epwm2_info
00008d9e   _epwm2_isr
0000d01c   _epwm3_info
00008dab   _epwm3_isr
00008dc2   _main
0000db40   _net_ad_buff0
0000de40   _net_ad_buff1
0000d140   _net_ad_buff10
0000d040   _net_ad_buff11
0000d640   _net_ad_buff12
0000d740   _net_ad_buff13
0000d440   _net_ad_buff14
0000d540   _net_ad_buff15
0000d940   _net_ad_buff2
0000da40   _net_ad_buff3
0000df40   _net_ad_buff4
0000dc40   _net_ad_buff5
0000dd40   _net_ad_buff6
0000d340   _net_ad_buff7
0000d840   _net_ad_buff8
0000d240   _net_ad_buff9
00008000   _page
0000f180   _recbox
0000f143   _reclenth
0000911b   _rsvd_ISR
0000d002   _seeflag
0000e340   _temp01
0000e540   _temp02
0000e740   _temp03
0000e940   _temp04
0000d004   _tempabindex
0000f14a   _turn
0000e040   _uint16temp01
0000e140   _uint16temp02
0000e240   _uint16temp03
ffffffff   binit
00009563   cinit
00000000   code_start
00009563   etext
ffffffff   pinit


GLOBAL SYMBOLS: SORTED BY Symbol Address 

address    name
--------   ----
00000000   code_start
00000880   _DevEmuRegs
00000a80   _FlashRegs
00000ae0   _CsmRegs
00000b00   _AdcMirror
00000b20   _XintfRegs
00000c00   _CpuTimer0Regs
00000c08   _CpuTimer1Regs
00000c10   _CpuTimer2Regs
00000ce0   _PieCtrlRegs
00000d00   _PieVectTable
00001000   _DmaRegs
00005000   _McbspaRegs
00005040   _McbspbRegs
00006000   _ECanaRegs
00006040   _ECanaLAMRegs
00006080   _ECanaMOTSRegs
000060c0   _ECanaMOTORegs
00006100   _ECanaMboxes
00006200   _ECanbRegs
00006240   _ECanbLAMRegs
00006280   _ECanbMOTSRegs
000062c0   _ECanbMOTORegs
00006300   _ECanbMboxes
00006800   _EPwm1Regs
00006840   _EPwm2Regs
00006880   _EPwm3Regs
000068c0   _EPwm4Regs
00006900   _EPwm5Regs
00006940   _EPwm6Regs
00006a00   _ECap1Regs
00006a20   _ECap2Regs
00006a40   _ECap3Regs
00006a60   _ECap4Regs
00006a80   _ECap5Regs
00006aa0   _ECap6Regs
00006b00   _EQep1Regs
00006b40   _EQep2Regs
00006f80   _GpioCtrlRegs
00006fc0   _GpioDataRegs
00006fe0   _GpioIntRegs
00007010   _SysCtrlRegs
00007040   _SpiaRegs
00007050   _SciaRegs
00007070   _XIntruptRegs
00007100   _AdcRegs
00007750   _ScibRegs
00007770   _ScicRegs
00007900   _I2caRegs
00008000   .text
00008000   ___text__
00008000   _page
0000800e   _Init8019
000080e1   _CalcCheckSum
00008135   _SendFrame
000081e7   _RecFrame
00008321   _SwapWord
0000832a   _WriteDWord
0000833c   _CopyFrameFromBE
0000835d   _ArpRequest
000083c5   _ArpAnswer
00008412   _Process_ICMP_Frame
00008425   _Prepare_ICMP_Answer
000084a3   _Process_UDP_Frame
000084cd   _UDPSetTxdata
000085f0   _UDPActiveTxData
00008681   _Prepare_UDP_Frame
000086ff   _ProcessEthBroadcastFrame
0000873a   _ProcessEthIAFrame
000087a3   _DoNetworkStuff
000087b4   _DMAInitialize
000087bf   _DMACH1AddrConfig
000087d1   _DMACH1BurstConfig
000087e1   _DMACH1TransferConfig
000087f1   _DMACH1WrapConfig
00008804   _DMACH1ModeConfig
0000885e   _StartDMACH1
00008866   _DMACH2AddrConfig
00008878   _DMACH2BurstConfig
00008888   _DMACH2TransferConfig
00008898   _DMACH2WrapConfig
000088ab   _DMACH2ModeConfig
00008905   _StartDMACH2
0000890d   _DMACH3AddrConfig
0000891f   _DMACH3BurstConfig
0000892f   _DMACH3TransferConfig
0000893f   _DMACH3WrapConfig
00008952   _DMACH3ModeConfig
000089ac   _StartDMACH3
000089b4   _DMACH4AddrConfig
000089c6   _DMACH4BurstConfig
000089d6   _DMACH4TransferConfig
000089e6   _DMACH4WrapConfig
000089f9   _DMACH4ModeConfig
00008a53   _StartDMACH4
00008a5b   _DMACH5AddrConfig
00008a6d   _DMACH5BurstConfig
00008a7d   _DMACH5TransferConfig
00008a8d   _DMACH5WrapConfig
00008aa0   _DMACH5ModeConfig
00008afa   _StartDMACH5
00008b02   _DMACH6AddrConfig
00008b14   _DMACH6BurstConfig
00008b24   _DMACH6TransferConfig
00008b34   _DMACH6WrapConfig
00008b47   _DMACH6ModeConfig
00008ba1   _StartDMACH6
00008ba9   _adc_isr
00008bc0   _cpu_timer0_isr
00008d72   _cpu_timer1_isr
00008d81   _cpu_timer2_isr
00008d91   _epwm1_isr
00008d9e   _epwm2_isr
00008dab   _epwm3_isr
00008db8   _Delay
00008dc2   _main
00008eea   _InitEPwm1Example
00008f1a   _InitEPwm2Example
00008f4a   _InitEPwm3Example
00008f7a   _Init4DigCtlGpio
00008f90   _INT13_ISR
00008f95   _INT14_ISR
00008f9a   _DATALOG_ISR
00008f9f   _RTOSINT_ISR
00008fa4   _EMUINT_ISR
00008fa9   _NMI_ISR
00008fae   _ILLEGAL_ISR
00008fb3   _USER1_ISR
00008fb8   _USER2_ISR
00008fbd   _USER3_ISR
00008fc2   _USER4_ISR
00008fc7   _USER5_ISR
00008fcc   _USER6_ISR
00008fd1   _USER7_ISR
00008fd6   _USER8_ISR
00008fdb   _USER9_ISR
00008fe0   _USER10_ISR
00008fe5   _USER11_ISR
00008fea   _USER12_ISR
00008fef   _SEQ1INT_ISR
00008ff4   _SEQ2INT_ISR
00008ff9   _XINT1_ISR
00008ffe   _XINT2_ISR
00009003   _ADCINT_ISR
00009008   _TINT0_ISR
0000900d   _WAKEINT_ISR
00009012   _EPWM1_TZINT_ISR
00009017   _EPWM2_TZINT_ISR
0000901c   _EPWM3_TZINT_ISR
00009021   _EPWM4_TZINT_ISR
00009026   _EPWM5_TZINT_ISR
0000902b   _EPWM6_TZINT_ISR
00009030   _EPWM1_INT_ISR
00009035   _EPWM2_INT_ISR
0000903a   _EPWM3_INT_ISR
0000903f   _EPWM4_INT_ISR
00009044   _EPWM5_INT_ISR
00009049   _EPWM6_INT_ISR
0000904e   _ECAP1_INT_ISR
00009053   _ECAP2_INT_ISR
00009058   _ECAP3_INT_ISR
0000905d   _ECAP4_INT_ISR
00009062   _ECAP5_INT_ISR
00009067   _ECAP6_INT_ISR
0000906c   _EQEP1_INT_ISR
00009071   _EQEP2_INT_ISR
00009076   _SPIRXINTA_ISR
0000907b   _SPITXINTA_ISR
00009080   _MRINTB_ISR
00009085   _MXINTB_ISR
0000908a   _MRINTA_ISR
0000908f   _MXINTA_ISR
00009094   _DINTCH1_ISR
00009099   _DINTCH2_ISR
0000909e   _DINTCH3_ISR
000090a3   _DINTCH4_ISR
000090a8   _DINTCH5_ISR
000090ad   _DINTCH6_ISR
000090b2   _I2CINT1A_ISR
000090b7   _I2CINT2A_ISR
000090bc   _SCIRXINTC_ISR
000090c1   _SCITXINTC_ISR
000090c6   _SCIRXINTA_ISR
000090cb   _SCITXINTA_ISR
000090d0   _SCIRXINTB_ISR
000090d5   _SCITXINTB_ISR
000090da   _ECAN0INTA_ISR
000090df   _ECAN1INTA_ISR
000090e4   _ECAN0INTB_ISR
000090e9   _ECAN1INTB_ISR
000090ee   _XINT3_ISR
000090f3   _XINT4_ISR
000090f8   _XINT5_ISR
000090fd   _XINT6_ISR
00009102   _XINT7_ISR
00009107   _LVF_ISR
0000910c   _LUF_ISR
00009111   _EMPTY_ISR
00009116   _PIE_RESERVED
0000911b   _rsvd_ISR
00009120   _InitXintf
00009175   _InitXintf32Gpio
000091bc   _InitXintf16Gpio
000092a1   _InitSysCtrl
000092aa   _ServiceDog
000092b4   _DisableDog
000092bc   _InitPll
00009308   _InitPeripheralClocks
00009363   _CsmUnlock
00009394   _InitEPwm
00009395   _InitEPwmGpio
000093a2   _InitEPwm1Gpio
000093b4   _InitEPwm2Gpio
000093c6   _InitEPwm3Gpio
000093da   _InitEPwm4Gpio
000093ee   _InitEPwm5Gpio
00009400   _InitEPwm6Gpio
00009412   _InitEPwmSyncGpio
00009426   _InitTzGpio
0000945c   _InitCpuTimers
0000949d   _ConfigCpuTimer
000094d1   _InitSpi
000094d2   _InitSpiGpio
000094d5   _InitSpiaGpio
000094ff   _InitPieCtrl
0000951e   _EnableInterrupts
00009527   _InitPieVectTable
00009547   _InitAdc
00009563   ___cinit__
00009563   ___etext__
00009563   cinit
00009563   etext
00009589   _InitFlash
000095a4   _DSP28x_usDelay
0000d000   _T2flag
0000d001   _T1flag
0000d002   _seeflag
0000d003   _RxSuccessFlag
0000d004   _tempabindex
0000d005   _adcflag
0000d006   _T0flag
0000d008   _epwm2_info
0000d012   _epwm1_info
0000d01c   _epwm3_info
0000d040   _net_ad_buff11
0000d140   _net_ad_buff10
0000d240   _net_ad_buff9
0000d340   _net_ad_buff7
0000d440   _net_ad_buff14
0000d540   _net_ad_buff15
0000d640   _net_ad_buff12
0000d740   _net_ad_buff13
0000d840   _net_ad_buff8
0000d940   _net_ad_buff2
0000da40   _net_ad_buff3
0000db40   _net_ad_buff0
0000dc40   _net_ad_buff5
0000dd40   _net_ad_buff6
0000de40   _net_ad_buff1
0000df40   _net_ad_buff4
0000e040   _uint16temp01
0000e140   _uint16temp02
0000e240   _uint16temp03
0000e340   _temp01
0000e540   _temp02
0000e740   _temp03
0000e940   _temp04
0000eb40   _TxEthnetFrameBuffer
0000ee40   _RxEthnetFrameBuffer
0000f140   _IpServiceType
0000f141   _IpEdition
0000f142   _MyUdpPort
0000f143   _reclenth
0000f144   _UDPUserDataLenth
0000f145   _curr
0000f146   _TxBufFlag
0000f147   _bnry
0000f148   _IpIdent
0000f149   _RecdIpFrameLenth
0000f14a   _turn
0000f14b   _TxFrameSize
0000f14c   _ARPAnswerSuccessFlag
0000f14d   _RecdFrameIP
0000f14f   _RecdFrameMAC
0000f180   _recbox
0000f568   _CpuTimer1
0000f570   _CpuTimer2
0000f578   _CpuTimer0
0000f580   _PieVectTableInit
0000f680   _MyMAC
0000f683   _RemoteMAC
0000f686   _GatewayIP
0000f688   _MyIP
0000f68a   _RemoteIP
0000f68c   _SubnetMask
0033fff8   _CsmPwl
00380080   _ADC_cal
ffffffff   ___binit__
ffffffff   ___c_args__
ffffffff   ___pinit__
ffffffff   binit
ffffffff   pinit
UNDEFED    FS$$MPY
UNDEFED    FS$$SUB
UNDEFED    FS$$TOL
UNDEFED    FS$$TOU
UNDEFED    U$$TOFS
UNDEFED    _Bat_Control_U
UNDEFED    _Bat_Control_Y
UNDEFED    _Bat_Control_initialize
UNDEFED    _Bat_Control_step
UNDEFED    ___memcpy_ff
UNDEFED    _c_int00

[313 symbols]
